[techzaa.in/rasket/admin/index.html]
[backblue.gif]
[fade.gif]
[index.html]
[techzaa.in/rasket/admin/index.html]
[techzaa.in/rasket/admin/assets/css/vendor.min.css]
[techzaa.in/rasket/admin/assets/css/icons.min.css]
[techzaa.in/rasket/admin/assets/css/app.min.css]
[techzaa.in/rasket/admin/assets/images/favicon.ico]
[techzaa.in/rasket/admin/assets/js/config.min.js]
[techzaa.in/rasket/admin/assets/css/vendor.min.css]
[techzaa.in/rasket/admin/assets/images/users/avatar-1.jpg]
[techzaa.in/rasket/admin/assets/images/users/avatar-3.jpg]
[techzaa.in/rasket/admin/apps-chat.html]
[techzaa.in/rasket/admin/assets/images/users/avatar-5.jpg]
[techzaa.in/rasket/admin/auth-lock-screen.html]
[techzaa.in/rasket/admin/auth-signin.html]
[techzaa.in/rasket/admin/pages-pricing.html]
[techzaa.in/rasket/admin/assets/images/logo-sm.png]
[techzaa.in/rasket/admin/assets/css/icons.min.css]
[techzaa.in/rasket/admin/assets/css/app.min.css]
[techzaa.in/rasket/admin/pages-faqs.html]
[techzaa.in/rasket/admin/layouts-light-sidenav.html]
[techzaa.in/rasket/admin/assets/images/logo-light.png]
[techzaa.in/rasket/admin/assets/images/logo-dark.png]
[techzaa.in/rasket/admin/apps-chat.html]
[techzaa.in/rasket/admin/pages-pricing.html]
[techzaa.in/rasket/admin/layouts-dark-topnav.html]
[techzaa.in/rasket/admin/pages-faqs.html]
[techzaa.in/rasket/admin/layouts-small-sidenav.html]
[techzaa.in/rasket/admin/layouts-simple-sidenav.html]
[techzaa.in/rasket/admin/layouts-small-hover.html]
[techzaa.in/rasket/admin/auth-lock-screen.html]
[techzaa.in/rasket/admin/auth-signin.html]
[techzaa.in/rasket/admin/layouts-hidden-sidenav.html]
[techzaa.in/rasket/admin/layouts-light-sidenav.html]
[techzaa.in/rasket/admin/layouts-dark.html]
[techzaa.in/rasket/admin/apps-email.html]
[techzaa.in/rasket/admin/layouts-dark-topnav.html]
[techzaa.in/rasket/admin/apps-calendar-schedule.html]
[techzaa.in/rasket/admin/apps-calendar-integration.html]
[techzaa.in/rasket/admin/apps-todo.html]
[techzaa.in/rasket/admin/layouts-simple-sidenav.html]
[techzaa.in/rasket/admin/apps-invoices.html]
[techzaa.in/rasket/admin/apps-invoice-details.html]
[techzaa.in/rasket/admin/layouts-small-sidenav.html]
[techzaa.in/rasket/admin/pages-comingsoon.html]
[techzaa.in/rasket/admin/pages-starter.html]
[techzaa.in/rasket/admin/pages-timeline.html]
[techzaa.in/rasket/admin/layouts-small-hover.html]
[techzaa.in/rasket/admin/pages-404.html]
[techzaa.in/rasket/admin/pages-maintenance.html]
[techzaa.in/rasket/admin/pages-404-alt.html]
[techzaa.in/rasket/admin/auth-signup.html]
[techzaa.in/rasket/admin/layouts-hidden-sidenav.html]
[techzaa.in/rasket/admin/widgets.html]
[techzaa.in/rasket/admin/ui-alerts.html]
[techzaa.in/rasket/admin/ui-accordion.html]
[techzaa.in/rasket/admin/layouts-dark.html]
[techzaa.in/rasket/admin/ui-badge.html]
[techzaa.in/rasket/admin/ui-buttons.html]
[techzaa.in/rasket/admin/auth-password.html]
[techzaa.in/rasket/admin/apps-email.html]
[techzaa.in/rasket/admin/ui-card.html]
[techzaa.in/rasket/admin/ui-avatar.html]
[techzaa.in/rasket/admin/ui-breadcrumb.html]
[techzaa.in/rasket/admin/ui-collapse.html]
[techzaa.in/rasket/admin/apps-calendar-schedule.html]
[techzaa.in/rasket/admin/ui-dropdown.html]
[techzaa.in/rasket/admin/ui-list-group.html]
[techzaa.in/rasket/admin/ui-carousel.html]
[techzaa.in/rasket/admin/ui-tabs.html]
[techzaa.in/rasket/admin/apps-calendar-integration.html]
[techzaa.in/rasket/admin/apps-todo.html]
[techzaa.in/rasket/admin/ui-modal.html]
[techzaa.in/rasket/admin/apps-invoices.html]
[techzaa.in/rasket/admin/ui-offcanvas.html]
[techzaa.in/rasket/admin/ui-popovers.html]
[techzaa.in/rasket/admin/ui-pagination.html]
[techzaa.in/rasket/admin/ui-placeholders.html]
[techzaa.in/rasket/admin/ui-progress.html]
[techzaa.in/rasket/admin/apps-invoice-details.html]
[techzaa.in/rasket/admin/pages-starter.html]
[techzaa.in/rasket/admin/ui-toasts.html]
[techzaa.in/rasket/admin/ui-scrollspy.html]
[techzaa.in/rasket/admin/ui-spinners.html]
[techzaa.in/rasket/admin/ui-tooltips.html]
[techzaa.in/rasket/admin/pages-comingsoon.html]
[techzaa.in/rasket/admin/pages-timeline.html]
[techzaa.in/rasket/admin/extended-ratings.html]
[techzaa.in/rasket/admin/extended-swiper-silder.html]
[techzaa.in/rasket/admin/extended-sweetalert.html]
[techzaa.in/rasket/admin/extended-scrollbar.html]
[techzaa.in/rasket/admin/pages-maintenance.html]
[techzaa.in/rasket/admin/pages-404.html]
[techzaa.in/rasket/admin/extended-toastify.html]
[techzaa.in/rasket/admin/pages-404-alt.html]
[techzaa.in/rasket/admin/charts-apex-bar.html]
[techzaa.in/rasket/admin/charts-apex-area.html]
[techzaa.in/rasket/admin/charts-apex-bubble.html]
[techzaa.in/rasket/admin/charts-apex-candlestick.html]
[techzaa.in/rasket/admin/charts-apex-column.html]
[techzaa.in/rasket/admin/charts-apex-heatmap.html]
[techzaa.in/rasket/admin/charts-apex-line.html]
[techzaa.in/rasket/admin/auth-signup.html]
[techzaa.in/rasket/admin/charts-apex-mixed.html]
[techzaa.in/rasket/admin/charts-apex-timeline.html]
[techzaa.in/rasket/admin/charts-apex-boxplot.html]
[techzaa.in/rasket/admin/charts-apex-treemap.html]
[techzaa.in/rasket/admin/charts-apex-pie.html]
[techzaa.in/rasket/admin/charts-apex-radar.html]
[techzaa.in/rasket/admin/charts-apex-radialbar.html]
[techzaa.in/rasket/admin/charts-apex-scatter.html]
[techzaa.in/rasket/admin/auth-password.html]
[techzaa.in/rasket/admin/forms-basic.html]
[techzaa.in/rasket/admin/forms-checkbox-radio.html]
[techzaa.in/rasket/admin/forms-choices.html]
[techzaa.in/rasket/admin/forms-clipboard.html]
[techzaa.in/rasket/admin/forms-flatepicker.html]
[techzaa.in/rasket/admin/forms-validation.html]
[techzaa.in/rasket/admin/charts-apex-polar-area.html]
[techzaa.in/rasket/admin/widgets.html]
[techzaa.in/rasket/admin/forms-wizard.html]
[techzaa.in/rasket/admin/forms-range-slider.html]
[techzaa.in/rasket/admin/ui-accordion.html]
[techzaa.in/rasket/admin/tables-basic.html]
[techzaa.in/rasket/admin/tables-gridjs.html]
[techzaa.in/rasket/admin/ui-alerts.html]
[techzaa.in/rasket/admin/forms-fileuploads.html]
[techzaa.in/rasket/admin/forms-editors.html]
[techzaa.in/rasket/admin/forms-input-mask.html]
[techzaa.in/rasket/admin/ui-avatar.html]
[techzaa.in/rasket/admin/icons-boxicons.html]
[techzaa.in/rasket/admin/icons-solar.html]
[techzaa.in/rasket/admin/maps-vector.html]
[techzaa.in/rasket/admin/ui-badge.html]
[techzaa.in/rasket/admin/assets/vendor/jsvectormap/js/jsvectormap.min.js]
[techzaa.in/rasket/admin/assets/vendor/jsvectormap/maps/world-merc.js]
[techzaa.in/rasket/admin/ui-breadcrumb.html]
[techzaa.in/rasket/admin/assets/vendor/jsvectormap/maps/world.js]
[techzaa.in/rasket/admin/assets/js/app.js]
[techzaa.in/rasket/admin/ui-buttons.html]
[techzaa.in/rasket/admin/assets/js/pages/dashboard.js]
[techzaa.in/rasket/admin/assets/fonts/boxicons.eot]
[techzaa.in/rasket/admin/assets/js/vendor.js]
[techzaa.in/rasket/admin/assets/fonts/boxicons.woff2]
[techzaa.in/rasket/admin/ui-card.html]
[techzaa.in/rasket/admin/assets/fonts/boxicons.woff]
[techzaa.in/rasket/admin/assets/fonts/boxicons.ttf]
[techzaa.in/rasket/admin/assets/images/users/chat.jpg]
[techzaa.in/rasket/admin/assets/images/users/avatar-2.jpg]
[techzaa.in/rasket/admin/assets/images/users/avatar-4.jpg]
[techzaa.in/rasket/admin/assets/images/users/avatar-8.jpg]
[techzaa.in/rasket/admin/assets/images/users/avatar-6.jpg]
[techzaa.in/rasket/admin/ui-carousel.html]
[techzaa.in/rasket/admin/assets/images/users/avatar-7.jpg]
[techzaa.in/rasket/admin/assets/images/users/avatar-9.jpg]
[techzaa.in/rasket/admin/ui-collapse.html]
[techzaa.in/rasket/admin/assets/images/users/avatar-10.jpg]
[techzaa.in/rasket/admin/assets/images/small/img-1.jpg]
[techzaa.in/rasket/admin/ui-dropdown.html]
[techzaa.in/rasket/admin/assets/images/small/img-2.jpg]
[techzaa.in/rasket/admin/assets/images/small/img-3.jpg]
[techzaa.in/rasket/admin/ui-list-group.html]
[techzaa.in/rasket/admin/assets/js/pages/app-chat.js]
[techzaa.in/rasket/admin/assets/js/pages/app-email.js]
[techzaa.in/rasket/admin/ui-modal.html]
[techzaa.in/rasket/admin/assets/vendor/fullcalendar/main.min.js]
[techzaa.in/rasket/admin/ui-tabs.html]
[techzaa.in/rasket/admin/assets/vendor/fullcalendar/main.min.css]
[techzaa.in/rasket/admin/assets/js/pages/app-calendar.js]
[techzaa.in/rasket/admin/ui-offcanvas.html]
[techzaa.in/rasket/admin/assets/images/app-calendar/google-mail.png]
[techzaa.in/rasket/admin/assets/images/app-calendar/google-analytics.png]
[techzaa.in/rasket/admin/ui-pagination.html]
[techzaa.in/rasket/admin/assets/images/app-calendar/google-meet.png]
[techzaa.in/rasket/admin/assets/images/app-calendar/intercom.png]
[techzaa.in/rasket/admin/ui-placeholders.html]
[techzaa.in/rasket/admin/assets/images/app-calendar/microsoft-outlook.png]
[techzaa.in/rasket/admin/assets/images/app-calendar/google-chrome.png]
[techzaa.in/rasket/admin/ui-popovers.html]
[techzaa.in/rasket/admin/assets/images/app-calendar/hubspot.png]
[techzaa.in/rasket/admin/assets/images/app-calendar/stripe.png]
[techzaa.in/rasket/admin/ui-progress.html]
[techzaa.in/rasket/admin/assets/images/app-calendar/slack.png]
[techzaa.in/rasket/admin/assets/images/app-calendar/sales-force.png]
[techzaa.in/rasket/admin/ui-scrollspy.html]
[techzaa.in/rasket/admin/assets/images/app-calendar/web-hooks.png]
[techzaa.in/rasket/admin/assets/images/app-calendar/facebook.png]
[techzaa.in/rasket/admin/ui-spinners.html]
[techzaa.in/rasket/admin/assets/images/app-calendar/microsoft-team-conference.png]
[techzaa.in/rasket/admin/assets/images/app-calendar/zapier.png]
[techzaa.in/rasket/admin/ui-toasts.html]
[techzaa.in/rasket/admin/assets/images/app-calendar/zoom.png]
[techzaa.in/rasket/admin/assets/images/logo-dark-full.png]
[techzaa.in/rasket/admin/ui-tooltips.html]
[techzaa.in/rasket/admin/assets/images/logo-light-full.png]
[techzaa.in/rasket/admin/assets/js/pages/coming-soon.js]
[techzaa.in/rasket/admin/extended-ratings.html]
[techzaa.in/rasket/admin/assets/js/pages/widgets.js]
[techzaa.in/rasket/admin/assets/images/small/img-4.jpg]
[techzaa.in/rasket/admin/assets/images/small/img-5.jpg]
[techzaa.in/rasket/admin/extended-sweetalert.html]
[techzaa.in/rasket/admin/assets/images/small/img-6.jpg]
[techzaa.in/rasket/admin/assets/images/small/img-9.jpg]
[techzaa.in/rasket/admin/extended-swiper-silder.html]
[techzaa.in/rasket/admin/assets/images/small/img-7.jpg]
[techzaa.in/rasket/admin/assets/images/small/img-10.jpg]
[techzaa.in/rasket/admin/extended-scrollbar.html]
[techzaa.in/rasket/admin/extended-toastify.html]
[techzaa.in/rasket/admin/assets/images/small/img-8.jpg]
[techzaa.in/rasket/admin/assets/js/components/extended-rating.js]
[techzaa.in/rasket/admin/assets/js/components/extended-sweetalert.js]
[apexcharts.com/samples/assets/stock-prices.js]
[techzaa.in/rasket/admin/charts-apex-area.html]
[techzaa.in/rasket/admin/charts-apex-bar.html]
[techzaa.in/rasket/admin/charts-apex-bubble.html]
[techzaa.in/rasket/admin/assets/js/components/apexchart-bar.js]
[techzaa.in/rasket/admin/assets/js/components/apexchart-area.js]
[techzaa.in/rasket/admin/charts-apex-candlestick.html]
[techzaa.in/rasket/admin/assets/js/components/apexchart-bubble.js]
[apexcharts.com/samples/assets/irregular-data-series.js]
[techzaa.in/rasket/admin/charts-apex-column.html]
[apexcharts.com/samples/assets/github-data.js]
[apexcharts.com/samples/assets/ohlc.js]
[techzaa.in/rasket/admin/charts-apex-heatmap.html]
[techzaa.in/rasket/admin/assets/js/components/apexchart-candlestick.js]
[cdnjs.cloudflare.com/ajax/libs/dayjs/1.8.17/dayjs.min.js]
[techzaa.in/rasket/admin/charts-apex-line.html]
[techzaa.in/rasket/admin/assets/js/components/apexchart-column.js]
[cdnjs.cloudflare.com/ajax/libs/dayjs/1.11.0/dayjs.min.js]
[techzaa.in/rasket/admin/assets/js/components/apexchart-heatmap.js]
[techzaa.in/rasket/admin/charts-apex-mixed.html]
[techzaa.in/rasket/admin/charts-apex-timeline.html]
[cdnjs.cloudflare.com/ajax/libs/dayjs/1.11.0/plugin/quarterOfYear.min.js]
[techzaa.in/rasket/admin/charts-apex-boxplot.html]
[techzaa.in/rasket/admin/assets/js/components/apexchart-line.js]
[techzaa.in/rasket/admin/charts-apex-treemap.html]
[techzaa.in/rasket/admin/assets/js/components/apexchart-mixed.js]
[techzaa.in/rasket/admin/assets/js/components/apexchart-timeline.js]
[techzaa.in/rasket/admin/charts-apex-pie.html]
[techzaa.in/rasket/admin/charts-apex-radar.html]
[techzaa.in/rasket/admin/assets/js/components/apexchart-boxplot.js]
[techzaa.in/rasket/admin/charts-apex-radialbar.html]
[techzaa.in/rasket/admin/assets/js/components/apexchart-treemap.js]
[techzaa.in/rasket/admin/charts-apex-scatter.html]
[techzaa.in/rasket/admin/assets/js/components/apexchart-pie.js]
[techzaa.in/rasket/admin/assets/js/components/apexchart-radar.js]
[techzaa.in/rasket/admin/charts-apex-polar-area.html]
[techzaa.in/rasket/admin/forms-basic.html]
[techzaa.in/rasket/admin/forms-checkbox-radio.html]
[techzaa.in/rasket/admin/forms-choices.html]
[techzaa.in/rasket/admin/forms-clipboard.html]
[techzaa.in/rasket/admin/assets/js/components/apexchart-radialbar.js]
[techzaa.in/rasket/admin/forms-flatepicker.html]
[techzaa.in/rasket/admin/assets/js/components/apexchart-scatter.js]
[techzaa.in/rasket/admin/forms-validation.html]
[techzaa.in/rasket/admin/assets/js/components/apexchart-polar-area.js]
[techzaa.in/rasket/admin/assets/js/components/form-clipboard.js]
[techzaa.in/rasket/admin/assets/js/components/form-flatepicker.js]
[techzaa.in/rasket/admin/forms-wizard.html]
[techzaa.in/rasket/admin/forms-fileuploads.html]
[techzaa.in/rasket/admin/assets/images/users/dummy-avatar.jpg]
[techzaa.in/rasket/admin/forms-editors.html]
[techzaa.in/rasket/admin/forms-input-mask.html]
[techzaa.in/rasket/admin/forms-range-slider.html]
[techzaa.in/rasket/admin/tables-basic.html]
[techzaa.in/rasket/admin/assets/js/components/form-fileupload.js]
[techzaa.in/rasket/admin/assets/js/components/form-quilljs.js]
[techzaa.in/rasket/admin/tables-gridjs.html]
[techzaa.in/rasket/admin/assets/vendor/gridjs/gridjs.umd.js]
[techzaa.in/rasket/admin/icons-boxicons.html]
[techzaa.in/rasket/admin/icons-solar.html]
[techzaa.in/rasket/admin/maps-vector.html]
[techzaa.in/rasket/admin/assets/js/components/maps-canada.js]
[techzaa.in/rasket/admin/assets/js/components/maps-iraq.js]
[techzaa.in/rasket/admin/assets/fonts/boxiconsd41d.svg]
[techzaa.in/rasket/admin/assets/js/components/maps-russia.js]
[techzaa.in/rasket/admin/assets/js/components/form-slider.js]
[techzaa.in/rasket/admin/assets/vendor/fullcalendar/main.min.css]
[techzaa.in/rasket/admin/assets/js/components/table-gridjs.js]
[techzaa.in/rasket/admin/assets/images/404.svg]
[apexcharts.com/samples/assets/series1000.html]
[techzaa.in/rasket/assets/js/components/form-wizard.html]
[techzaa.in/rasket/admin/assets/vendor/gridjs/theme/mermaid.min.css]
[techzaa.in/rasket/admin/assets/vendor/gridjs/theme/mermaid.min.css]
[techzaa.in/rasket/admin/assets/js/components/maps-spain.js]
[techzaa.in/rasket/admin/assets/js/components/maps-vector.js]
